cmd : WARNING: A terminally deprecated 
method in sun.misc.Unsafe has been called
At line:1 char:1
+ cmd /c mvn clean install > 
build_output.log 2>&1
+ ~~~~~~~~~~~~~~~~~~~~~~~~~~~~~~~~~~~~~~~~~
~~~~~~~
    + CategoryInfo          : NotSpecified 
   : (WARNING: A term...has been called:S  
  tring) [], RemoteException
    + FullyQualifiedErrorId : NativeComman 
   dError
 
WARNING: sun.misc.Unsafe::staticFieldBase 
has been called by com.google.inject.intern
al.aop.HiddenClassDefiner (file:/C:/apache-
maven-3.9.11/lib/guice-5.1.0-classes.jar)
WARNING: Please consider reporting this to 
the maintainers of class com.google.inject.
internal.aop.HiddenClassDefiner
WARNING: sun.misc.Unsafe::staticFieldBase 
will be removed in a future release
[INFO] Scanning for projects...
[INFO] 
[INFO] ---------------------< com.yourname:inventory-pro >---------------------
[INFO] Building Inventory Management System 1.0-SNAPSHOT
[INFO]   from pom.xml
[INFO] --------------------------------[ jar ]---------------------------------
[WARNING] 6 problems were encountered while building the effective model for org.openjfx:javafx-controls:jar:21 during dependency collection step for project (use -X to see details)
[INFO] 
[INFO] --- clean:3.3.2:clean (default-clean) @ inventory-pro ---
[INFO] Deleting D:\programming\Inventory_Management\target
[INFO] 
[INFO] --- resources:3.3.1:resources (default-resources) @ inventory-pro ---
[INFO] Copying 1 resource from src\main\resources to target\classes
[INFO] Copying 5 resources from src\main\resources to target\classes
[INFO] 
[INFO] --- compiler:3.11.0:compile (default-compile) @ inventory-pro ---
[INFO] Changes detected - recompiling the module! :source
[INFO] Compiling 30 source files with javac [debug release 17] to target\classes
[INFO] 
[INFO] --- resources:3.3.1:testResources (default-testResources) @ inventory-pro ---
[INFO] skip non existing resourceDirectory D:\programming\Inventory_Management\src\test\resources
[INFO] 
[INFO] --- compiler:3.11.0:testCompile (default-testCompile) @ inventory-pro ---
[INFO] Changes detected - recompiling the module! :dependency
[INFO] 
[INFO] --- surefire:3.1.2:test (default-test) @ inventory-pro ---
[INFO] 
[INFO] --- jar:3.3.0:jar (default-jar) @ inventory-pro ---
[INFO] Building jar: D:\programming\Inventory_Management\target\inventory-pro-1.0-SNAPSHOT.jar
[INFO] 
[INFO] --- spring-boot:3.2.4:repackage (repackage) @ inventory-pro ---
[INFO] ------------------------------------------------------------------------
[INFO] BUILD FAILURE
[INFO] ------------------------------------------------------------------------
[INFO] Total time:  8.007 s
[INFO] Finished at: 2026-02-09T23:13:31+05:45
[INFO] ------------------------------------------------------------------------
[ERROR] Failed to execute goal org.springframework.boot:spring-boot-maven-plugin:3.2.4:repackage (repackage) on project inventory-pro: Execution repackage of goal org.springframework.boot:spring-boot-maven-plugin:3.2.4:repackage failed: Unable to find a single main class from the following candidates [org.inventory.Launcher, org.inventory.TestDriver] -> [Help 1]
[ERROR] 
[ERROR] To see the full stack trace of the errors, re-run Maven with the -e switch.
[ERROR] Re-run Maven using the -X switch to enable full debug logging.
[ERROR] 
[ERROR] For more information about the errors and possible solutions, please read the following articles:
[ERROR] [Help 1] http://cwiki.apache.org/confluence/display/MAVEN/PluginExecutionException
