cmd : WARNING: A terminally deprecated 
method in sun.misc.Unsafe has been called
At line:1 char:1
+ cmd /c mvn compile -e > compile.log 2>&1
+ ~~~~~~~~~~~~~~~~~~~~~~~~~~~~~~~~~~~~~~~~
    + CategoryInfo          : NotSpecified 
   : (WARNING: A term...has been called:S  
  tring) [], RemoteException
    + FullyQualifiedErrorId : NativeComman 
   dError
 
WARNING: sun.misc.Unsafe::staticFieldBase 
has been called by com.google.inject.intern
al.aop.HiddenClassDefiner (file:/C:/apache-
maven-3.9.11/lib/guice-5.1.0-classes.jar)
WARNING: Please consider reporting this to 
the maintainers of class com.google.inject.
internal.aop.HiddenClassDefiner
WARNING: sun.misc.Unsafe::staticFieldBase 
will be removed in a future release
[INFO] Error stacktraces are turned on.
[INFO] Scanning for projects...
[INFO] 
[INFO] ---------------------< com.yourname:inventory-pro >---------------------
[INFO] Building Inventory Management System 1.0-SNAPSHOT
[INFO]   from pom.xml
[INFO] --------------------------------[ jar ]---------------------------------
[WARNING] 6 problems were encountered while building the effective model for org.openjfx:javafx-controls:jar:21 during dependency collection step for project (use -X to see details)
[INFO] 
[INFO] --- resources:3.3.1:resources (default-resources) @ inventory-pro ---
[INFO] Copying 1 resource from src\main\resources to target\classes
[INFO] Copying 5 resources from src\main\resources to target\classes
[INFO] 
[INFO] --- compiler:3.11.0:compile (default-compile) @ inventory-pro ---
[INFO] Nothing to compile - all classes are up to date
[INFO] ------------------------------------------------------------------------
[INFO] BUILD SUCCESS
[INFO] ------------------------------------------------------------------------
[INFO] Total time:  1.799 s
[INFO] Finished at: 2026-02-09T23:16:08+05:45
[INFO] ------------------------------------------------------------------------
